    "bash": "Hello, Mike"
    "bash": "Hello, world"
    "module-main": "Hello, Mike!"
    "module-main": "Hello, world!"
    "package-main": "Hello, Mike"
    "package-main": "Hello, world"
    "single-hello": "Hello, Mike!"
    "single-hello": "Hello, world!"
    "single-main": "Hello, Mike!"
    "single-main": "Hello, world!"
